[2026-02-07 17:16:03] INFO HTTP Request {"method":"GET","uri":""}
[2026-02-07 17:16:07] INFO HTTP Request {"method":"POST","uri":"api\/login"}
[2026-02-07 17:16:08] INFO Login attempt {"usuario":"ganoderico@hotmail.com","ip":"::1"}
[2026-02-07 17:16:08] WARN Login failed {"usuario":"ganoderico@hotmail.com"}
[2026-02-07 17:16:29] INFO HTTP Request {"method":"POST","uri":"api\/login"}
[2026-02-07 17:16:29] INFO Login attempt {"usuario":"ganoderico@hotmail.com","ip":"::1"}
[2026-02-07 17:16:29] INFO Login success {"usuario":"ganoderico@hotmail.com","user_id":1}
[2026-02-07 17:16:31] INFO HTTP Request {"method":"GET","uri":"home"}
[2026-02-07 17:16:31] INFO HTTP Request {"method":"GET","uri":"api\/usuarios"}
[2026-02-07 17:16:35] INFO HTTP Request {"method":"GET","uri":"trazabilidad"}
[2026-02-07 17:16:35] INFO HTTP Request {"method":"GET","uri":"api\/procesos"}
[2026-02-07 17:16:35] INFO HTTP Request {"method":"GET","uri":"api\/responsables"}
[2026-02-07 17:16:35] INFO HTTP Request {"method":"GET","uri":"api\/productos"}
[2026-02-07 17:16:35] INFO HTTP Request {"method":"GET","uri":"api\/trazabilidad\/consecutivo"}
[2026-02-07 17:25:31] INFO HTTP Request {"method":"GET","uri":"home"}
[2026-02-07 17:25:31] INFO HTTP Request {"method":"GET","uri":"api\/usuarios"}
[2026-02-07 17:25:40] INFO HTTP Request {"method":"GET","uri":"procesos"}
[2026-02-07 17:25:40] INFO HTTP Request {"method":"GET","uri":"api\/procesos"}
[2026-02-07 17:25:46] INFO HTTP Request {"method":"GET","uri":"home"}
[2026-02-07 17:25:47] INFO HTTP Request {"method":"GET","uri":"api\/usuarios"}
[2026-02-07 17:28:32] INFO HTTP Request {"method":"GET","uri":"procesos"}
[2026-02-07 17:28:32] INFO HTTP Request {"method":"GET","uri":"api\/procesos"}
[2026-02-07 17:28:38] INFO HTTP Request {"method":"GET","uri":"home"}
[2026-02-07 17:28:38] INFO HTTP Request {"method":"GET","uri":"api\/usuarios"}
[2026-02-07 17:28:39] INFO HTTP Request {"method":"GET","uri":"responsables"}
[2026-02-07 17:28:39] INFO HTTP Request {"method":"GET","uri":"api\/responsables"}
[2026-02-07 17:28:56] INFO HTTP Request {"method":"GET","uri":"home"}
[2026-02-07 17:28:56] INFO HTTP Request {"method":"GET","uri":"api\/usuarios"}
[2026-02-07 17:29:00] INFO HTTP Request {"method":"GET","uri":"productos"}
[2026-02-07 17:29:00] INFO HTTP Request {"method":"GET","uri":"api\/productos"}
[2026-02-07 17:32:54] INFO HTTP Request {"method":"GET","uri":"home"}
[2026-02-07 17:32:54] INFO HTTP Request {"method":"GET","uri":"api\/usuarios"}
[2026-02-07 17:32:55] INFO HTTP Request {"method":"GET","uri":"trazabilidad"}
[2026-02-07 17:32:55] INFO HTTP Request {"method":"GET","uri":"api\/procesos"}
[2026-02-07 17:32:55] INFO HTTP Request {"method":"GET","uri":"api\/responsables"}
[2026-02-07 17:32:55] INFO HTTP Request {"method":"GET","uri":"api\/productos"}
[2026-02-07 17:32:55] INFO HTTP Request {"method":"GET","uri":"api\/trazabilidad\/consecutivo"}
[2026-02-07 18:13:59] INFO HTTP Request {"method":"GET","uri":"home"}
[2026-02-07 18:13:59] INFO HTTP Request {"method":"GET","uri":"api\/usuarios"}
[2026-02-07 18:14:00] INFO HTTP Request {"method":"GET","uri":"trazabilidad_list"}
[2026-02-07 18:14:01] INFO HTTP Request {"method":"GET","uri":"api\/usuarios"}
[2026-02-07 18:14:01] INFO HTTP Request {"method":"GET","uri":"api\/trazabilidad"}
[2026-02-07 18:46:00] INFO HTTP Request {"method":"GET","uri":"api\/logout"}
[2026-02-07 18:46:00] INFO HTTP Request {"method":"GET","uri":""}
[2026-02-07 18:46:08] INFO HTTP Request {"method":"GET","uri":""}
[2026-02-07 18:46:13] INFO HTTP Request {"method":"POST","uri":"api\/login"}
[2026-02-07 18:46:13] INFO Login attempt {"usuario":"ganoderico@hotmail.com","ip":"::1"}
[2026-02-07 18:46:13] INFO Login success {"usuario":"ganoderico@hotmail.com","user_id":1}
[2026-02-07 18:46:15] INFO HTTP Request {"method":"GET","uri":"home"}
[2026-02-07 18:46:15] INFO HTTP Request {"method":"GET","uri":"api\/usuarios"}
[2026-02-07 18:46:17] INFO HTTP Request {"method":"GET","uri":"trazabilidad"}
[2026-02-07 18:46:17] INFO HTTP Request {"method":"GET","uri":"api\/responsables"}
[2026-02-07 18:46:17] INFO HTTP Request {"method":"GET","uri":"api\/procesos"}
[2026-02-07 18:46:17] INFO HTTP Request {"method":"GET","uri":"api\/materiales"}
[2026-02-07 18:46:17] INFO HTTP Request {"method":"GET","uri":"api\/productos"}
[2026-02-07 18:46:17] INFO HTTP Request {"method":"GET","uri":"api\/trazabilidad\/consecutivo"}
[2026-02-07 18:47:19] INFO HTTP Request {"method":"GET","uri":"home"}
[2026-02-07 18:47:19] INFO HTTP Request {"method":"GET","uri":"api\/usuarios"}
[2026-02-07 18:47:21] INFO HTTP Request {"method":"GET","uri":"trazabilidad_list"}
[2026-02-07 18:47:22] INFO HTTP Request {"method":"GET","uri":"api\/usuarios"}
[2026-02-07 18:47:22] INFO HTTP Request {"method":"GET","uri":"api\/trazabilidad"}
[2026-02-07 18:47:30] INFO HTTP Request {"method":"GET","uri":"api\/trazabilidad\/materiales\/24"}
[2026-02-07 18:54:12] INFO HTTP Request {"method":"GET","uri":"trazabilidad_list"}
[2026-02-07 18:54:12] INFO HTTP Request {"method":"GET","uri":""}
[2026-02-07 18:54:17] INFO HTTP Request {"method":"POST","uri":"api\/login"}
[2026-02-07 18:54:17] INFO Login attempt {"usuario":"ganoderico@hotmail.com","ip":"::1"}
[2026-02-07 18:54:17] INFO Login success {"usuario":"ganoderico@hotmail.com","user_id":1}
[2026-02-07 18:54:19] INFO HTTP Request {"method":"GET","uri":"home"}
[2026-02-07 18:54:19] INFO HTTP Request {"method":"GET","uri":"api\/usuarios"}
[2026-02-07 19:19:29] INFO HTTP Request {"method":"GET","uri":"materiales"}
[2026-02-07 19:19:29] INFO HTTP Request {"method":"GET","uri":"api\/materiales"}
[2026-02-07 19:19:47] INFO HTTP Request {"method":"GET","uri":"materiales"}
[2026-02-07 19:19:47] INFO HTTP Request {"method":"GET","uri":"api\/materiales"}
[2026-02-07 19:19:53] INFO HTTP Request {"method":"GET","uri":"home"}
[2026-02-07 19:19:59] INFO HTTP Request {"method":"POST","uri":"api\/login"}
[2026-02-07 19:19:59] INFO Login attempt {"usuario":"ganoderico@hotmail.com","ip":"::1"}
[2026-02-07 19:19:59] INFO Login success {"usuario":"ganoderico@hotmail.com","user_id":1}
[2026-02-07 19:20:01] INFO HTTP Request {"method":"GET","uri":"home"}
[2026-02-07 19:20:01] INFO HTTP Request {"method":"GET","uri":"api\/usuarios"}
[2026-02-07 19:20:08] INFO HTTP Request {"method":"GET","uri":"materiales"}
[2026-02-07 19:20:08] INFO HTTP Request {"method":"GET","uri":"api\/materiales"}
[2026-02-07 19:32:18] INFO HTTP Request {"method":"GET","uri":"materiales"}
[2026-02-07 19:32:18] INFO HTTP Request {"method":"GET","uri":"api\/materiales"}
[2026-02-07 19:32:24] INFO HTTP Request {"method":"GET","uri":"home"}
[2026-02-07 19:32:30] INFO HTTP Request {"method":"POST","uri":"api\/login"}
[2026-02-07 19:32:30] INFO Login attempt {"usuario":"ganoderico@hotmail.com","ip":"::1"}
[2026-02-07 19:32:30] INFO Login success {"usuario":"ganoderico@hotmail.com","user_id":1}
[2026-02-07 19:32:31] INFO HTTP Request {"method":"GET","uri":"home"}
[2026-02-07 19:32:31] INFO HTTP Request {"method":"GET","uri":"api\/usuarios"}
[2026-02-07 19:32:32] INFO HTTP Request {"method":"GET","uri":"materiales"}
[2026-02-07 19:32:32] INFO HTTP Request {"method":"GET","uri":"api\/materiales"}
[2026-02-07 19:32:37] INFO HTTP Request {"method":"GET","uri":"home"}
[2026-02-07 19:32:37] INFO HTTP Request {"method":"GET","uri":"api\/usuarios"}
[2026-02-07 19:32:38] INFO HTTP Request {"method":"GET","uri":"trazabilidad_list"}
[2026-02-07 19:32:38] INFO HTTP Request {"method":"GET","uri":"api\/usuarios"}
[2026-02-07 19:32:38] INFO HTTP Request {"method":"GET","uri":"api\/trazabilidad"}
[2026-02-07 19:32:44] INFO HTTP Request {"method":"GET","uri":"api\/trazabilidad\/materiales\/24"}
[2026-02-07 19:32:59] INFO HTTP Request {"method":"GET","uri":"home"}
[2026-02-07 19:32:59] INFO HTTP Request {"method":"GET","uri":"api\/usuarios"}
[2026-02-07 19:33:00] INFO HTTP Request {"method":"GET","uri":"trazabilidad"}
[2026-02-07 19:33:00] INFO HTTP Request {"method":"GET","uri":"api\/procesos"}
[2026-02-07 19:33:00] INFO HTTP Request {"method":"GET","uri":"api\/responsables"}
[2026-02-07 19:33:00] INFO HTTP Request {"method":"GET","uri":"api\/productos"}
[2026-02-07 19:33:00] INFO HTTP Request {"method":"GET","uri":"api\/materiales"}
[2026-02-07 19:33:00] INFO HTTP Request {"method":"GET","uri":"api\/trazabilidad\/consecutivo"}
[2026-02-07 19:41:11] INFO HTTP Request {"method":"POST","uri":"api\/trazabilidad\/entrega"}
[2026-02-07 19:41:11] INFO Iniciando registerEntrega {"POST_DATA":{"tipo_movimiento":"entrega","consecutivo":"25","registro_id":"","fecha_movimiento":"07\/02\/2026 01:33:00 p.\u00a0m.","fecha_movimiento_hidden":"2026-02-07 13:33:00","proceso_id":"11","peso_gr":"7.00","peso_entregado_original":"","responsable_id":"17","producto_id":"1","merma_gr":"0.00","proceso_id_recibido_hidden":"","observaciones":"","materiales_json":"[{\"material_id\":11,\"peso\":2},{\"material_id\":3,\"peso\":1},{\"material_id\":9,\"peso\":4}]"},"FILES_DATA":{"foto_entrega":{"name":["celular.png"],"full_path":["celular.png"],"type":["image\/png"],"tmp_name":["C:\\xampp\\tmp\\php60E2.tmp"],"error":[0],"size":[60712]},"material_fotos_3":{"name":["celular.png"],"full_path":["celular.png"],"type":["image\/png"],"tmp_name":["C:\\xampp\\tmp\\php60E3.tmp"],"error":[0],"size":[60712]},"material_fotos_9":{"name":["celular.png"],"full_path":["celular.png"],"type":["image\/png"],"tmp_name":["C:\\xampp\\tmp\\php60E4.tmp"],"error":[0],"size":[60712]},"material_fotos_11":{"name":["celular.png"],"full_path":["celular.png"],"type":["image\/png"],"tmp_name":["C:\\xampp\\tmp\\php60E5.tmp"],"error":[0],"size":[60712]}}}
[2026-02-07 19:41:11] INFO Entrega registrada con éxito. Consecutivo: 25 {"consecutivo":"25","params":["25","2026-02-07 13:33:00","11","17","1",7,7,"[\"frontend\\\/assets\\\/img\\\/25\\\/foto_entrega_69878747df44f4.42683407.png\"]","",0]}
[2026-02-07 19:41:14] INFO HTTP Request {"method":"GET","uri":"api\/trazabilidad\/consecutivo"}
[2026-02-07 19:41:21] INFO HTTP Request {"method":"GET","uri":"home"}
[2026-02-07 19:41:21] INFO HTTP Request {"method":"GET","uri":"api\/usuarios"}
[2026-02-07 19:41:22] INFO HTTP Request {"method":"GET","uri":"trazabilidad_list"}
[2026-02-07 19:41:22] INFO HTTP Request {"method":"GET","uri":"api\/usuarios"}
[2026-02-07 19:41:22] INFO HTTP Request {"method":"GET","uri":"api\/trazabilidad"}
[2026-02-07 19:41:29] INFO HTTP Request {"method":"GET","uri":"api\/trazabilidad\/materiales\/25"}
[2026-02-07 19:41:39] INFO HTTP Request {"method":"GET","uri":"home"}
[2026-02-07 19:41:39] INFO HTTP Request {"method":"GET","uri":"api\/usuarios"}
[2026-02-07 19:41:41] INFO HTTP Request {"method":"GET","uri":"trazabilidad"}
[2026-02-07 19:41:41] INFO HTTP Request {"method":"GET","uri":"api\/procesos"}
[2026-02-07 19:41:41] INFO HTTP Request {"method":"GET","uri":"api\/responsables"}
[2026-02-07 19:41:41] INFO HTTP Request {"method":"GET","uri":"api\/productos"}
[2026-02-07 19:41:41] INFO HTTP Request {"method":"GET","uri":"api\/materiales"}
[2026-02-07 19:41:41] INFO HTTP Request {"method":"GET","uri":"api\/trazabilidad\/consecutivo"}
[2026-02-07 19:41:47] INFO HTTP Request {"method":"GET","uri":"api\/trazabilidad\/25"}
[2026-02-07 19:42:06] INFO HTTP Request {"method":"GET","uri":"home"}
[2026-02-07 19:42:06] INFO HTTP Request {"method":"GET","uri":"api\/usuarios"}
[2026-02-07 19:42:08] INFO HTTP Request {"method":"GET","uri":"trazabilidad_list"}
[2026-02-07 19:42:08] INFO HTTP Request {"method":"GET","uri":"api\/usuarios"}
[2026-02-07 19:42:08] INFO HTTP Request {"method":"GET","uri":"api\/trazabilidad"}
[2026-02-07 19:42:16] INFO HTTP Request {"method":"GET","uri":"trazabilidad"}
[2026-02-07 19:42:16] INFO HTTP Request {"method":"GET","uri":"api\/procesos"}
[2026-02-07 19:42:16] INFO HTTP Request {"method":"GET","uri":"api\/responsables"}
[2026-02-07 19:42:16] INFO HTTP Request {"method":"GET","uri":"api\/materiales"}
[2026-02-07 19:42:16] INFO HTTP Request {"method":"GET","uri":"api\/productos"}
[2026-02-07 19:42:16] INFO HTTP Request {"method":"GET","uri":"api\/trazabilidad\/consecutivo"}
[2026-02-07 19:42:29] INFO HTTP Request {"method":"GET","uri":"api\/trazabilidad\/25"}
[2026-02-07 19:42:36] INFO HTTP Request {"method":"GET","uri":"home"}
[2026-02-07 19:42:36] INFO HTTP Request {"method":"GET","uri":"api\/usuarios"}
[2026-02-07 19:42:39] INFO HTTP Request {"method":"GET","uri":"trazabilidad_list"}
[2026-02-07 19:42:39] INFO HTTP Request {"method":"GET","uri":"api\/usuarios"}
[2026-02-07 19:42:39] INFO HTTP Request {"method":"GET","uri":"api\/trazabilidad"}
[2026-02-07 19:42:45] INFO HTTP Request {"method":"GET","uri":"trazabilidad_edit"}
[2026-02-07 19:42:45] INFO HTTP Request {"method":"GET","uri":"api\/trazabilidad\/edit\/24"}
[2026-02-07 19:42:45] INFO HTTP Request {"method":"GET","uri":"api\/procesos"}
[2026-02-07 19:42:45] INFO HTTP Request {"method":"GET","uri":"api\/responsables"}
[2026-02-07 19:42:45] INFO HTTP Request {"method":"GET","uri":"api\/productos"}
[2026-02-07 19:42:48] INFO HTTP Request {"method":"GET","uri":"trazabilidad_list"}
[2026-02-07 19:42:49] INFO HTTP Request {"method":"GET","uri":"api\/usuarios"}
[2026-02-07 19:42:49] INFO HTTP Request {"method":"GET","uri":"api\/trazabilidad"}
[2026-02-07 19:42:53] INFO HTTP Request {"method":"GET","uri":"trazabilidad_edit"}
[2026-02-07 19:42:53] INFO HTTP Request {"method":"GET","uri":"api\/trazabilidad\/edit\/25"}
[2026-02-07 19:42:53] INFO HTTP Request {"method":"GET","uri":"api\/responsables"}
[2026-02-07 19:42:53] INFO HTTP Request {"method":"GET","uri":"api\/procesos"}
[2026-02-07 19:42:53] INFO HTTP Request {"method":"GET","uri":"api\/productos"}
[2026-02-07 19:45:07] INFO HTTP Request {"method":"GET","uri":"home"}
[2026-02-07 19:45:08] INFO HTTP Request {"method":"GET","uri":"api\/usuarios"}
[2026-02-07 19:45:10] INFO HTTP Request {"method":"GET","uri":"trazabilidad_list"}
[2026-02-07 19:45:10] INFO HTTP Request {"method":"GET","uri":"api\/usuarios"}
[2026-02-07 19:45:10] INFO HTTP Request {"method":"GET","uri":"api\/trazabilidad"}
[2026-02-07 19:47:10] INFO HTTP Request {"method":"GET","uri":"home"}
[2026-02-07 19:47:10] INFO HTTP Request {"method":"GET","uri":"api\/usuarios"}
[2026-02-07 19:47:11] INFO HTTP Request {"method":"GET","uri":"trazabilidad"}
[2026-02-07 19:47:11] INFO HTTP Request {"method":"GET","uri":"api\/procesos"}
[2026-02-07 19:47:11] INFO HTTP Request {"method":"GET","uri":"api\/responsables"}
[2026-02-07 19:47:11] INFO HTTP Request {"method":"GET","uri":"api\/materiales"}
[2026-02-07 19:47:11] INFO HTTP Request {"method":"GET","uri":"api\/productos"}
[2026-02-07 19:47:11] INFO HTTP Request {"method":"GET","uri":"api\/trazabilidad\/consecutivo"}
[2026-02-07 19:47:17] INFO HTTP Request {"method":"GET","uri":"api\/trazabilidad\/25"}
[2026-02-07 20:32:45] INFO HTTP Request {"method":"GET","uri":"trazabilidad"}
[2026-02-07 20:32:45] INFO HTTP Request {"method":"GET","uri":"api\/procesos"}
[2026-02-07 20:32:45] INFO HTTP Request {"method":"GET","uri":"api\/responsables"}
[2026-02-07 20:32:45] INFO HTTP Request {"method":"GET","uri":"api\/productos"}
[2026-02-07 20:32:45] INFO HTTP Request {"method":"GET","uri":"api\/materiales"}
[2026-02-07 20:32:45] INFO HTTP Request {"method":"GET","uri":"api\/trazabilidad\/consecutivo"}
[2026-02-07 20:33:01] INFO HTTP Request {"method":"GET","uri":"trazabilidad"}
[2026-02-07 20:33:02] INFO HTTP Request {"method":"GET","uri":""}
[2026-02-07 20:33:09] INFO HTTP Request {"method":"POST","uri":"api\/login"}
[2026-02-07 20:33:09] INFO Login attempt {"usuario":"ganoderico@hotmail.com","ip":"::1"}
[2026-02-07 20:33:09] INFO Login success {"usuario":"ganoderico@hotmail.com","user_id":1}
[2026-02-07 20:33:11] INFO HTTP Request {"method":"GET","uri":"home"}
[2026-02-07 20:33:11] INFO HTTP Request {"method":"GET","uri":"api\/usuarios"}
[2026-02-07 20:33:13] INFO HTTP Request {"method":"GET","uri":"trazabilidad_list"}
[2026-02-07 20:33:13] INFO HTTP Request {"method":"GET","uri":"api\/usuarios"}
[2026-02-07 20:33:13] INFO HTTP Request {"method":"GET","uri":"api\/trazabilidad"}
[2026-02-07 20:33:19] INFO HTTP Request {"method":"GET","uri":"trazabilidad_edit"}
[2026-02-07 20:33:19] INFO HTTP Request {"method":"GET","uri":"api\/trazabilidad\/edit\/25"}
[2026-02-07 20:33:19] INFO HTTP Request {"method":"GET","uri":"api\/procesos"}
[2026-02-07 20:33:19] INFO HTTP Request {"method":"GET","uri":"api\/responsables"}
[2026-02-07 20:33:19] INFO HTTP Request {"method":"GET","uri":"api\/productos"}
[2026-02-07 20:33:19] INFO HTTP Request {"method":"GET","uri":"api\/trazabilidad\/materiales\/25"}
[2026-02-07 20:33:19] INFO HTTP Request {"method":"GET","uri":"api\/materiales"}
[2026-02-07 20:36:00] INFO HTTP Request {"method":"GET","uri":"home"}
[2026-02-07 20:36:00] INFO HTTP Request {"method":"GET","uri":"api\/usuarios"}
[2026-02-07 20:36:02] INFO HTTP Request {"method":"GET","uri":"trazabilidad"}
[2026-02-07 20:36:02] INFO HTTP Request {"method":"GET","uri":"api\/procesos"}
[2026-02-07 20:36:02] INFO HTTP Request {"method":"GET","uri":"api\/responsables"}
[2026-02-07 20:36:02] INFO HTTP Request {"method":"GET","uri":"api\/materiales"}
[2026-02-07 20:36:02] INFO HTTP Request {"method":"GET","uri":"api\/productos"}
[2026-02-07 20:36:02] INFO HTTP Request {"method":"GET","uri":"api\/trazabilidad\/consecutivo"}
[2026-02-07 20:36:10] INFO HTTP Request {"method":"GET","uri":"api\/trazabilidad\/25"}
[2026-02-07 20:36:10] INFO HTTP Request {"method":"GET","uri":"api\/trazabilidad\/materiales\/25"}
[2026-02-07 20:36:33] INFO HTTP Request {"method":"GET","uri":"home"}
[2026-02-07 20:36:33] INFO HTTP Request {"method":"GET","uri":"api\/usuarios"}
[2026-02-07 20:36:35] INFO HTTP Request {"method":"GET","uri":"trazabilidad_list"}
[2026-02-07 20:36:35] INFO HTTP Request {"method":"GET","uri":"api\/usuarios"}
[2026-02-07 20:36:35] INFO HTTP Request {"method":"GET","uri":"api\/trazabilidad"}
[2026-02-07 20:36:41] INFO HTTP Request {"method":"GET","uri":"api\/trazabilidad\/materiales\/25"}
[2026-02-07 20:36:47] INFO HTTP Request {"method":"GET","uri":"home"}
[2026-02-07 20:36:47] INFO HTTP Request {"method":"GET","uri":"api\/usuarios"}
