[2025-11-03 03:15:32] INFO HTTP Request {"method":"GET","uri":""}
[2025-11-03 05:13:18] INFO HTTP Request {"method":"GET","uri":""}
[2025-11-03 20:10:04] INFO HTTP Request {"method":"GET","uri":"trazabilidad_list"}
[2025-11-03 20:10:04] INFO HTTP Request {"method":"GET","uri":""}
[2025-11-03 20:10:24] INFO HTTP Request {"method":"POST","uri":"api\/login"}
[2025-11-03 20:10:24] INFO Login attempt {"usuario":"ganoderico@hotmail.com","ip":"::1"}
[2025-11-03 20:10:24] INFO Login success {"usuario":"ganoderico@hotmail.com","user_id":1}
[2025-11-03 20:10:25] INFO HTTP Request {"method":"GET","uri":"home"}
[2025-11-03 20:10:26] INFO HTTP Request {"method":"GET","uri":"api\/usuarios"}
[2025-11-03 20:10:29] INFO HTTP Request {"method":"GET","uri":"trazabilidad_list"}
[2025-11-03 20:10:31] INFO HTTP Request {"method":"GET","uri":"api\/usuarios"}
[2025-11-03 20:10:31] INFO HTTP Request {"method":"GET","uri":"api\/trazabilidad"}
[2025-11-03 20:10:36] INFO HTTP Request {"method":"GET","uri":"trazabilidad_edit"}
[2025-11-03 20:10:37] INFO HTTP Request {"method":"GET","uri":"api\/trazabilidad\/edit\/16"}
[2025-11-03 20:24:02] INFO HTTP Request {"method":"GET","uri":"api\/logout"}
[2025-11-03 20:24:02] INFO HTTP Request {"method":"GET","uri":""}
[2025-11-03 20:24:21] INFO HTTP Request {"method":"POST","uri":"api\/login"}
[2025-11-03 20:24:21] INFO Login attempt {"usuario":"ganoderico@hotmail.com","ip":"::1"}
[2025-11-03 20:24:21] INFO Login success {"usuario":"ganoderico@hotmail.com","user_id":1}
[2025-11-03 20:24:22] INFO HTTP Request {"method":"GET","uri":"home"}
[2025-11-03 20:24:23] INFO HTTP Request {"method":"GET","uri":"api\/usuarios"}
[2025-11-03 20:24:26] INFO HTTP Request {"method":"GET","uri":"trazabilidad_list"}
[2025-11-03 20:24:27] INFO HTTP Request {"method":"GET","uri":"api\/usuarios"}
[2025-11-03 20:24:27] INFO HTTP Request {"method":"GET","uri":"api\/trazabilidad"}
[2025-11-03 20:24:33] INFO HTTP Request {"method":"GET","uri":"trazabilidad_edit"}
[2025-11-03 20:24:33] INFO HTTP Request {"method":"GET","uri":"api\/trazabilidad\/edit\/16"}
[2025-11-03 20:30:45] INFO HTTP Request {"method":"GET","uri":"api\/logout"}
[2025-11-03 20:30:45] INFO HTTP Request {"method":"GET","uri":""}
[2025-11-03 20:31:04] INFO HTTP Request {"method":"POST","uri":"api\/login"}
[2025-11-03 20:31:04] INFO Login attempt {"usuario":"ganoderico@hotmail.com","ip":"::1"}
[2025-11-03 20:31:04] INFO Login success {"usuario":"ganoderico@hotmail.com","user_id":1}
[2025-11-03 20:31:05] INFO HTTP Request {"method":"GET","uri":"home"}
[2025-11-03 20:31:06] INFO HTTP Request {"method":"GET","uri":"api\/usuarios"}
[2025-11-03 20:31:08] INFO HTTP Request {"method":"GET","uri":"trazabilidad_list"}
[2025-11-03 20:31:09] INFO HTTP Request {"method":"GET","uri":"api\/usuarios"}
[2025-11-03 20:31:09] INFO HTTP Request {"method":"GET","uri":"api\/trazabilidad"}
[2025-11-03 20:31:14] INFO HTTP Request {"method":"GET","uri":"trazabilidad_edit"}
[2025-11-03 20:31:14] INFO HTTP Request {"method":"GET","uri":"api\/trazabilidad\/edit\/17"}
[2025-11-03 20:34:07] INFO HTTP Request {"method":"GET","uri":"api\/logout"}
[2025-11-03 20:34:07] INFO HTTP Request {"method":"GET","uri":""}
[2025-11-03 20:34:26] INFO HTTP Request {"method":"POST","uri":"api\/login"}
[2025-11-03 20:34:26] INFO Login attempt {"usuario":"ganoderico@hotmail.com","ip":"::1"}
[2025-11-03 20:34:26] INFO Login success {"usuario":"ganoderico@hotmail.com","user_id":1}
[2025-11-03 20:34:28] INFO HTTP Request {"method":"GET","uri":"home"}
[2025-11-03 20:34:28] INFO HTTP Request {"method":"GET","uri":"api\/usuarios"}
[2025-11-03 20:34:31] INFO HTTP Request {"method":"GET","uri":"trazabilidad_list"}
[2025-11-03 20:34:32] INFO HTTP Request {"method":"GET","uri":"api\/usuarios"}
[2025-11-03 20:34:32] INFO HTTP Request {"method":"GET","uri":"api\/trazabilidad"}
[2025-11-03 20:34:36] INFO HTTP Request {"method":"GET","uri":"trazabilidad_edit"}
[2025-11-03 20:34:36] INFO HTTP Request {"method":"GET","uri":"api\/trazabilidad\/edit\/18"}
[2025-11-03 20:34:36] INFO HTTP Request {"method":"GET","uri":"api\/responsables"}
[2025-11-03 20:34:36] INFO HTTP Request {"method":"GET","uri":"api\/procesos"}
[2025-11-03 20:34:36] INFO HTTP Request {"method":"GET","uri":"api\/productos"}
[2025-11-03 20:34:56] INFO HTTP Request {"method":"GET","uri":"api\/logout"}
[2025-11-03 20:34:56] INFO HTTP Request {"method":"GET","uri":""}
[2025-11-03 20:35:16] INFO HTTP Request {"method":"POST","uri":"api\/login"}
[2025-11-03 20:35:16] INFO Login attempt {"usuario":"ganoderico@hotmail.com","ip":"::1"}
[2025-11-03 20:35:16] INFO Login success {"usuario":"ganoderico@hotmail.com","user_id":1}
[2025-11-03 20:35:17] INFO HTTP Request {"method":"GET","uri":"home"}
[2025-11-03 20:35:18] INFO HTTP Request {"method":"GET","uri":"api\/usuarios"}
[2025-11-03 20:35:19] INFO HTTP Request {"method":"GET","uri":"trazabilidad_list"}
[2025-11-03 20:35:19] INFO HTTP Request {"method":"GET","uri":"api\/usuarios"}
[2025-11-03 20:35:19] INFO HTTP Request {"method":"GET","uri":"api\/trazabilidad"}
[2025-11-03 20:35:46] INFO HTTP Request {"method":"GET","uri":"trazabilidad_edit"}
[2025-11-03 20:35:46] INFO HTTP Request {"method":"GET","uri":"api\/trazabilidad\/edit\/18"}
[2025-11-03 20:35:47] INFO HTTP Request {"method":"GET","uri":"api\/procesos"}
[2025-11-03 20:35:47] INFO HTTP Request {"method":"GET","uri":"api\/responsables"}
[2025-11-03 20:35:47] INFO HTTP Request {"method":"GET","uri":"api\/productos"}
[2025-11-03 20:46:05] INFO HTTP Request {"method":"GET","uri":"trazabilidad_edit"}
[2025-11-03 20:46:06] INFO HTTP Request {"method":"GET","uri":"api\/trazabilidad\/edit\/18"}
[2025-11-03 20:46:06] INFO HTTP Request {"method":"GET","uri":"api\/procesos"}
[2025-11-03 20:46:06] INFO HTTP Request {"method":"GET","uri":"api\/responsables"}
[2025-11-03 20:46:06] INFO HTTP Request {"method":"GET","uri":"api\/productos"}
[2025-11-03 20:53:35] INFO HTTP Request {"method":"GET","uri":"trazabilidad_edit"}
[2025-11-03 20:53:35] INFO HTTP Request {"method":"GET","uri":"api\/trazabilidad\/edit\/18"}
[2025-11-03 20:53:35] INFO HTTP Request {"method":"GET","uri":"api\/responsables"}
[2025-11-03 20:53:35] INFO HTTP Request {"method":"GET","uri":"api\/procesos"}
[2025-11-03 20:53:36] INFO HTTP Request {"method":"GET","uri":"api\/productos"}
[2025-11-03 20:57:19] INFO HTTP Request {"method":"GET","uri":"api\/logout"}
[2025-11-03 20:57:19] INFO HTTP Request {"method":"GET","uri":""}
[2025-11-03 20:57:36] INFO HTTP Request {"method":"POST","uri":"api\/login"}
[2025-11-03 20:57:36] INFO Login attempt {"usuario":"ganoderico@hotmail.com","ip":"::1"}
[2025-11-03 20:57:36] INFO Login success {"usuario":"ganoderico@hotmail.com","user_id":1}
[2025-11-03 20:57:37] INFO HTTP Request {"method":"GET","uri":"home"}
[2025-11-03 20:57:38] INFO HTTP Request {"method":"GET","uri":"api\/usuarios"}
[2025-11-03 20:57:39] INFO HTTP Request {"method":"GET","uri":"trazabilidad_list"}
[2025-11-03 20:57:39] INFO HTTP Request {"method":"GET","uri":"api\/usuarios"}
[2025-11-03 20:57:39] INFO HTTP Request {"method":"GET","uri":"api\/trazabilidad"}
[2025-11-03 21:01:10] INFO HTTP Request {"method":"GET","uri":"trazabilidad_edit"}
[2025-11-03 21:01:10] INFO HTTP Request {"method":"GET","uri":"api\/trazabilidad\/edit\/21"}
[2025-11-03 21:01:10] INFO HTTP Request {"method":"GET","uri":"api\/procesos"}
[2025-11-03 21:01:10] INFO HTTP Request {"method":"GET","uri":"api\/responsables"}
[2025-11-03 21:01:10] INFO HTTP Request {"method":"GET","uri":"api\/productos"}
[2025-11-03 21:03:01] INFO HTTP Request {"method":"GET","uri":"trazabilidad_edit"}
[2025-11-03 21:03:01] INFO HTTP Request {"method":"GET","uri":"api\/trazabilidad\/edit\/21"}
[2025-11-03 21:03:01] INFO HTTP Request {"method":"GET","uri":"api\/productos"}
[2025-11-03 21:03:01] INFO HTTP Request {"method":"GET","uri":"api\/procesos"}
[2025-11-03 21:03:01] INFO HTTP Request {"method":"GET","uri":"api\/responsables"}
[2025-11-03 21:04:27] INFO HTTP Request {"method":"POST","uri":"api\/trazabilidad\/update"}
[2025-11-03 21:04:27] ERROR Ruta no encontrada {"method":"POST","uri":"trazabilidad\/update","raw":"\/app_oro\/api\/trazabilidad\/update"}
[2025-11-03 21:04:58] INFO HTTP Request {"method":"GET","uri":"api\/logout"}
[2025-11-03 21:04:58] INFO HTTP Request {"method":"GET","uri":""}
[2025-11-03 21:05:13] INFO HTTP Request {"method":"POST","uri":"api\/login"}
[2025-11-03 21:05:13] INFO Login attempt {"usuario":"ganoderico@hotmail.com","ip":"::1"}
[2025-11-03 21:05:13] INFO Login success {"usuario":"ganoderico@hotmail.com","user_id":1}
[2025-11-03 21:05:17] INFO HTTP Request {"method":"GET","uri":"home"}
[2025-11-03 21:05:17] INFO HTTP Request {"method":"GET","uri":"api\/usuarios"}
[2025-11-03 21:05:20] INFO HTTP Request {"method":"GET","uri":"trazabilidad_list"}
[2025-11-03 21:05:21] INFO HTTP Request {"method":"GET","uri":"api\/usuarios"}
[2025-11-03 21:05:21] INFO HTTP Request {"method":"GET","uri":"api\/trazabilidad"}
[2025-11-03 21:05:27] INFO HTTP Request {"method":"GET","uri":"trazabilidad_edit"}
[2025-11-03 21:05:27] INFO HTTP Request {"method":"GET","uri":"api\/trazabilidad\/edit\/15"}
[2025-11-03 21:05:28] INFO HTTP Request {"method":"GET","uri":"api\/procesos"}
[2025-11-03 21:05:28] INFO HTTP Request {"method":"GET","uri":"api\/responsables"}
[2025-11-03 21:05:28] INFO HTTP Request {"method":"GET","uri":"api\/productos"}
[2025-11-03 21:06:01] INFO HTTP Request {"method":"POST","uri":"api\/trazabilidad\/update"}
[2025-11-03 21:06:01] ERROR Ruta no encontrada {"method":"POST","uri":"trazabilidad\/update","raw":"\/app_oro\/api\/trazabilidad\/update"}
[2025-11-03 21:10:06] INFO HTTP Request {"method":"GET","uri":"trazabilidad_edit"}
[2025-11-03 21:10:07] INFO HTTP Request {"method":"GET","uri":"api\/trazabilidad\/edit\/15"}
[2025-11-03 21:10:07] INFO HTTP Request {"method":"GET","uri":"api\/procesos"}
[2025-11-03 21:10:07] INFO HTTP Request {"method":"GET","uri":"api\/responsables"}
[2025-11-03 21:10:07] INFO HTTP Request {"method":"GET","uri":"api\/productos"}
[2025-11-03 21:10:20] INFO HTTP Request {"method":"POST","uri":"api\/trazabilidad\/update"}
[2025-11-03 21:10:23] INFO HTTP Request {"method":"GET","uri":"trazabilidad_list"}
[2025-11-03 21:10:23] INFO HTTP Request {"method":"GET","uri":"api\/usuarios"}
[2025-11-03 21:10:23] INFO HTTP Request {"method":"GET","uri":"api\/trazabilidad"}
[2025-11-03 21:11:00] INFO HTTP Request {"method":"GET","uri":"trazabilidad_edit"}
[2025-11-03 21:11:01] INFO HTTP Request {"method":"GET","uri":"api\/trazabilidad\/edit\/22"}
[2025-11-03 21:11:01] INFO HTTP Request {"method":"GET","uri":"api\/responsables"}
[2025-11-03 21:11:01] INFO HTTP Request {"method":"GET","uri":"api\/productos"}
[2025-11-03 21:11:01] INFO HTTP Request {"method":"GET","uri":"api\/procesos"}
[2025-11-03 21:11:34] INFO HTTP Request {"method":"POST","uri":"api\/trazabilidad\/update"}
[2025-11-03 21:11:37] INFO HTTP Request {"method":"GET","uri":"trazabilidad_list"}
[2025-11-03 21:11:37] INFO HTTP Request {"method":"GET","uri":"api\/usuarios"}
[2025-11-03 21:11:37] INFO HTTP Request {"method":"GET","uri":"api\/trazabilidad"}
[2025-11-03 21:12:20] INFO HTTP Request {"method":"GET","uri":"trazabilidad_edit"}
[2025-11-03 21:12:20] INFO HTTP Request {"method":"GET","uri":"api\/trazabilidad\/edit\/22"}
[2025-11-03 21:12:20] INFO HTTP Request {"method":"GET","uri":"api\/procesos"}
[2025-11-03 21:12:20] INFO HTTP Request {"method":"GET","uri":"api\/productos"}
[2025-11-03 21:12:20] INFO HTTP Request {"method":"GET","uri":"api\/responsables"}
[2025-11-03 21:12:30] INFO HTTP Request {"method":"POST","uri":"api\/trazabilidad\/update"}
[2025-11-03 21:12:33] INFO HTTP Request {"method":"GET","uri":"trazabilidad_list"}
[2025-11-03 21:12:33] INFO HTTP Request {"method":"GET","uri":"api\/usuarios"}
[2025-11-03 21:12:34] INFO HTTP Request {"method":"GET","uri":"api\/trazabilidad"}
[2025-11-03 21:13:06] INFO HTTP Request {"method":"GET","uri":"trazabilidad_edit"}
[2025-11-03 21:13:06] INFO HTTP Request {"method":"GET","uri":"api\/trazabilidad\/edit\/22"}
[2025-11-03 21:13:07] INFO HTTP Request {"method":"GET","uri":"api\/procesos"}
[2025-11-03 21:13:07] INFO HTTP Request {"method":"GET","uri":"api\/responsables"}
[2025-11-03 21:13:07] INFO HTTP Request {"method":"GET","uri":"api\/productos"}
[2025-11-03 21:16:21] INFO HTTP Request {"method":"GET","uri":"trazabilidad_edit"}
[2025-11-03 21:16:22] INFO HTTP Request {"method":"GET","uri":"api\/trazabilidad\/edit\/22"}
[2025-11-03 21:16:22] INFO HTTP Request {"method":"GET","uri":"api\/procesos"}
[2025-11-03 21:16:22] INFO HTTP Request {"method":"GET","uri":"api\/responsables"}
[2025-11-03 21:16:22] INFO HTTP Request {"method":"GET","uri":"api\/productos"}
[2025-11-03 21:16:26] INFO HTTP Request {"method":"POST","uri":"api\/trazabilidad\/update"}
[2025-11-03 21:16:29] INFO HTTP Request {"method":"GET","uri":"trazabilidad_list"}
[2025-11-03 21:16:29] INFO HTTP Request {"method":"GET","uri":"api\/usuarios"}
[2025-11-03 21:16:29] INFO HTTP Request {"method":"GET","uri":"api\/trazabilidad"}
[2025-11-03 21:16:45] INFO HTTP Request {"method":"GET","uri":"trazabilidad_edit"}
[2025-11-03 21:16:46] INFO HTTP Request {"method":"GET","uri":"api\/trazabilidad\/edit\/22"}
[2025-11-03 21:16:46] INFO HTTP Request {"method":"GET","uri":"api\/responsables"}
[2025-11-03 21:16:46] INFO HTTP Request {"method":"GET","uri":"api\/procesos"}
[2025-11-03 21:16:46] INFO HTTP Request {"method":"GET","uri":"api\/productos"}
[2025-11-03 21:17:03] INFO HTTP Request {"method":"POST","uri":"api\/trazabilidad\/update"}
[2025-11-03 21:17:06] INFO HTTP Request {"method":"GET","uri":"trazabilidad_list"}
[2025-11-03 21:17:07] INFO HTTP Request {"method":"GET","uri":"api\/usuarios"}
[2025-11-03 21:17:07] INFO HTTP Request {"method":"GET","uri":"api\/trazabilidad"}
[2025-11-03 21:17:43] INFO HTTP Request {"method":"GET","uri":"trazabilidad_edit"}
[2025-11-03 21:17:44] INFO HTTP Request {"method":"GET","uri":"api\/trazabilidad\/edit\/22"}
[2025-11-03 21:17:44] INFO HTTP Request {"method":"GET","uri":"api\/procesos"}
[2025-11-03 21:17:44] INFO HTTP Request {"method":"GET","uri":"api\/productos"}
[2025-11-03 21:17:44] INFO HTTP Request {"method":"GET","uri":"api\/responsables"}
[2025-11-03 21:18:06] INFO HTTP Request {"method":"POST","uri":"api\/trazabilidad\/update"}
[2025-11-03 21:18:08] INFO HTTP Request {"method":"GET","uri":"trazabilidad_list"}
[2025-11-03 21:18:09] INFO HTTP Request {"method":"GET","uri":"api\/usuarios"}
[2025-11-03 21:18:09] INFO HTTP Request {"method":"GET","uri":"api\/trazabilidad"}
[2025-11-03 21:18:16] INFO HTTP Request {"method":"GET","uri":"trazabilidad_edit"}
[2025-11-03 21:18:16] INFO HTTP Request {"method":"GET","uri":"api\/trazabilidad\/edit\/22"}
[2025-11-03 21:18:16] INFO HTTP Request {"method":"GET","uri":"api\/procesos"}
[2025-11-03 21:18:16] INFO HTTP Request {"method":"GET","uri":"api\/productos"}
[2025-11-03 21:18:16] INFO HTTP Request {"method":"GET","uri":"api\/responsables"}
[2025-11-03 21:18:25] INFO HTTP Request {"method":"POST","uri":"api\/trazabilidad\/update"}
[2025-11-03 21:18:27] INFO HTTP Request {"method":"GET","uri":"trazabilidad_list"}
[2025-11-03 21:18:28] INFO HTTP Request {"method":"GET","uri":"api\/usuarios"}
[2025-11-03 21:18:28] INFO HTTP Request {"method":"GET","uri":"api\/trazabilidad"}
[2025-11-03 21:18:33] INFO HTTP Request {"method":"GET","uri":"trazabilidad_edit"}
[2025-11-03 21:18:33] INFO HTTP Request {"method":"GET","uri":"api\/trazabilidad\/edit\/22"}
[2025-11-03 21:18:34] INFO HTTP Request {"method":"GET","uri":"api\/procesos"}
[2025-11-03 21:18:34] INFO HTTP Request {"method":"GET","uri":"api\/responsables"}
[2025-11-03 21:18:34] INFO HTTP Request {"method":"GET","uri":"api\/productos"}
[2025-11-03 21:18:47] INFO HTTP Request {"method":"POST","uri":"api\/trazabilidad\/update"}
[2025-11-03 21:18:50] INFO HTTP Request {"method":"GET","uri":"trazabilidad_list"}
[2025-11-03 21:18:50] INFO HTTP Request {"method":"GET","uri":"api\/usuarios"}
[2025-11-03 21:18:50] INFO HTTP Request {"method":"GET","uri":"api\/trazabilidad"}
[2025-11-03 21:19:11] INFO HTTP Request {"method":"GET","uri":"home"}
[2025-11-03 21:19:12] INFO HTTP Request {"method":"GET","uri":"api\/usuarios"}
[2025-11-03 21:19:17] INFO HTTP Request {"method":"GET","uri":"trazabilidad_list"}
[2025-11-03 21:19:17] INFO HTTP Request {"method":"GET","uri":"api\/usuarios"}
[2025-11-03 21:19:17] INFO HTTP Request {"method":"GET","uri":"api\/trazabilidad"}
[2025-11-03 21:19:27] INFO HTTP Request {"method":"GET","uri":"trazabilidad_edit"}
[2025-11-03 21:19:28] INFO HTTP Request {"method":"GET","uri":"api\/trazabilidad\/edit\/22"}
[2025-11-03 21:19:28] INFO HTTP Request {"method":"GET","uri":"api\/procesos"}
[2025-11-03 21:19:28] INFO HTTP Request {"method":"GET","uri":"api\/productos"}
[2025-11-03 21:19:28] INFO HTTP Request {"method":"GET","uri":"api\/responsables"}
[2025-11-03 21:19:45] INFO HTTP Request {"method":"GET","uri":"home"}
[2025-11-03 21:19:46] INFO HTTP Request {"method":"GET","uri":"api\/usuarios"}
[2025-11-03 21:19:47] INFO HTTP Request {"method":"GET","uri":"trazabilidad"}
[2025-11-03 21:19:48] INFO HTTP Request {"method":"GET","uri":"api\/responsables"}
[2025-11-03 21:19:48] INFO HTTP Request {"method":"GET","uri":"api\/procesos"}
[2025-11-03 21:19:48] INFO HTTP Request {"method":"GET","uri":"api\/productos"}
[2025-11-03 21:19:48] INFO HTTP Request {"method":"GET","uri":"api\/trazabilidad\/consecutivo"}
[2025-11-03 21:25:02] INFO HTTP Request {"method":"GET","uri":"trazabilidad"}
[2025-11-03 21:25:02] INFO HTTP Request {"method":"GET","uri":"api\/procesos"}
[2025-11-03 21:25:02] INFO HTTP Request {"method":"GET","uri":"api\/responsables"}
[2025-11-03 21:25:02] INFO HTTP Request {"method":"GET","uri":"api\/trazabilidad\/consecutivo"}
[2025-11-03 21:25:02] INFO HTTP Request {"method":"GET","uri":"api\/productos"}
[2025-11-03 21:25:14] INFO HTTP Request {"method":"GET","uri":"api\/trazabilidad\/consecutivo"}
[2025-11-03 21:27:29] INFO HTTP Request {"method":"GET","uri":"api\/trazabilidad\/consecutivo"}
[2025-11-03 21:29:10] INFO HTTP Request {"method":"GET","uri":"trazabilidad"}
[2025-11-03 21:29:10] INFO HTTP Request {"method":"GET","uri":"api\/responsables"}
[2025-11-03 21:29:10] INFO HTTP Request {"method":"GET","uri":"api\/trazabilidad\/consecutivo"}
[2025-11-03 21:29:10] INFO HTTP Request {"method":"GET","uri":"api\/procesos"}
[2025-11-03 21:29:10] INFO HTTP Request {"method":"GET","uri":"api\/productos"}
[2025-11-03 21:29:26] INFO HTTP Request {"method":"GET","uri":"home"}
[2025-11-03 21:29:27] INFO HTTP Request {"method":"GET","uri":"api\/usuarios"}
[2025-11-03 21:29:28] INFO HTTP Request {"method":"GET","uri":"trazabilidad_list"}
[2025-11-03 21:29:29] INFO HTTP Request {"method":"GET","uri":"api\/usuarios"}
[2025-11-03 21:29:29] INFO HTTP Request {"method":"GET","uri":"api\/trazabilidad"}
[2025-11-03 21:29:40] INFO HTTP Request {"method":"GET","uri":"trazabilidad_edit"}
[2025-11-03 21:29:40] INFO HTTP Request {"method":"GET","uri":"api\/trazabilidad\/edit\/22"}
[2025-11-03 21:29:40] INFO HTTP Request {"method":"GET","uri":"api\/procesos"}
[2025-11-03 21:29:41] INFO HTTP Request {"method":"GET","uri":"api\/responsables"}
[2025-11-03 21:29:41] INFO HTTP Request {"method":"GET","uri":"api\/productos"}
[2025-11-03 21:30:04] INFO HTTP Request {"method":"GET","uri":"home"}
[2025-11-03 21:30:05] INFO HTTP Request {"method":"GET","uri":"api\/usuarios"}
[2025-11-03 21:36:20] INFO HTTP Request {"method":"GET","uri":"trazabilidad_list"}
[2025-11-03 21:36:20] INFO HTTP Request {"method":"GET","uri":"api\/usuarios"}
[2025-11-03 21:36:20] INFO HTTP Request {"method":"GET","uri":"api\/trazabilidad"}
[2025-11-03 21:36:28] INFO HTTP Request {"method":"GET","uri":"home"}
[2025-11-03 21:36:29] INFO HTTP Request {"method":"GET","uri":"api\/usuarios"}
[2025-11-03 21:36:30] INFO HTTP Request {"method":"GET","uri":"trazabilidad"}
[2025-11-03 21:36:30] INFO HTTP Request {"method":"GET","uri":"api\/procesos"}
[2025-11-03 21:36:30] INFO HTTP Request {"method":"GET","uri":"api\/responsables"}
[2025-11-03 21:36:30] INFO HTTP Request {"method":"GET","uri":"api\/trazabilidad\/consecutivo"}
[2025-11-03 21:36:30] INFO HTTP Request {"method":"GET","uri":"api\/productos"}
[2025-11-03 23:26:57] INFO HTTP Request {"method":"GET","uri":""}
[2025-11-03 23:26:57] INFO HTTP Request {"method":"GET","uri":""}
