[2025-12-16 01:31:00] INFO HTTP Request {"method":"GET","uri":""}
[2025-12-16 01:33:10] INFO HTTP Request {"method":"POST","uri":"api\/login"}
[2025-12-16 01:33:11] INFO Login attempt {"usuario":"ganoderico@hotmail.com","ip":"::1"}
[2025-12-16 01:33:11] INFO Login success {"usuario":"ganoderico@hotmail.com","user_id":1}
[2025-12-16 01:33:12] INFO HTTP Request {"method":"GET","uri":"home"}
[2025-12-16 01:33:12] INFO HTTP Request {"method":"GET","uri":"api\/usuarios"}
[2025-12-16 02:08:43] INFO HTTP Request {"method":"GET","uri":"trazabilidad"}
[2025-12-16 02:08:44] INFO HTTP Request {"method":"GET","uri":"api\/procesos"}
[2025-12-16 02:08:44] INFO HTTP Request {"method":"GET","uri":"api\/responsables"}
[2025-12-16 02:08:44] INFO HTTP Request {"method":"GET","uri":"api\/productos"}
[2025-12-16 02:08:44] INFO HTTP Request {"method":"GET","uri":"api\/trazabilidad\/consecutivo"}
[2025-12-16 02:09:31] INFO HTTP Request {"method":"GET","uri":"api\/trazabilidad\/consecutivo"}
[2025-12-16 02:10:28] INFO HTTP Request {"method":"GET","uri":"api\/trazabilidad\/consecutivo"}
[2025-12-16 02:10:58] INFO HTTP Request {"method":"GET","uri":"api\/trazabilidad\/consecutivo"}
[2025-12-16 02:15:27] INFO HTTP Request {"method":"GET","uri":"home"}
[2025-12-16 02:15:28] INFO HTTP Request {"method":"GET","uri":"api\/usuarios"}
[2025-12-16 02:15:29] INFO HTTP Request {"method":"GET","uri":"trazabilidad_list"}
[2025-12-16 02:15:30] INFO HTTP Request {"method":"GET","uri":"api\/usuarios"}
[2025-12-16 02:15:30] INFO HTTP Request {"method":"GET","uri":"api\/trazabilidad"}
[2025-12-16 02:16:06] INFO HTTP Request {"method":"GET","uri":"home"}
[2025-12-16 02:16:07] INFO HTTP Request {"method":"GET","uri":"api\/usuarios"}
[2025-12-16 02:16:08] INFO HTTP Request {"method":"GET","uri":"trazabilidad"}
[2025-12-16 02:16:09] INFO HTTP Request {"method":"GET","uri":"api\/responsables"}
[2025-12-16 02:16:09] INFO HTTP Request {"method":"GET","uri":"api\/procesos"}
[2025-12-16 02:16:09] INFO HTTP Request {"method":"GET","uri":"api\/trazabilidad\/consecutivo"}
[2025-12-16 02:16:09] INFO HTTP Request {"method":"GET","uri":"api\/productos"}
[2025-12-16 02:18:24] INFO HTTP Request {"method":"GET","uri":"api\/trazabilidad\/consecutivo"}
[2025-12-16 02:26:16] INFO HTTP Request {"method":"GET","uri":"home"}
[2025-12-16 02:26:17] INFO HTTP Request {"method":"GET","uri":"api\/usuarios"}
[2025-12-16 02:26:18] INFO HTTP Request {"method":"GET","uri":"trazabilidad_list"}
[2025-12-16 02:26:19] INFO HTTP Request {"method":"GET","uri":"api\/usuarios"}
[2025-12-16 02:26:19] INFO HTTP Request {"method":"GET","uri":"api\/trazabilidad"}
[2025-12-16 02:28:17] INFO HTTP Request {"method":"GET","uri":"trazabilidad_edit"}
[2025-12-16 02:28:19] INFO HTTP Request {"method":"GET","uri":"api\/trazabilidad\/edit\/23"}
[2025-12-16 02:28:19] INFO HTTP Request {"method":"GET","uri":"api\/procesos"}
[2025-12-16 02:28:19] INFO HTTP Request {"method":"GET","uri":"api\/responsables"}
[2025-12-16 02:28:19] INFO HTTP Request {"method":"GET","uri":"api\/productos"}
[2025-12-16 02:28:53] INFO HTTP Request {"method":"GET","uri":"trazabilidad_list"}
[2025-12-16 02:28:54] INFO HTTP Request {"method":"GET","uri":"api\/usuarios"}
[2025-12-16 02:28:54] INFO HTTP Request {"method":"GET","uri":"api\/trazabilidad"}
[2025-12-16 02:29:01] INFO HTTP Request {"method":"GET","uri":"trazabilidad"}
[2025-12-16 02:29:01] INFO HTTP Request {"method":"GET","uri":"api\/procesos"}
[2025-12-16 02:29:01] INFO HTTP Request {"method":"GET","uri":"api\/responsables"}
[2025-12-16 02:29:01] INFO HTTP Request {"method":"GET","uri":"api\/productos"}
[2025-12-16 02:29:01] INFO HTTP Request {"method":"GET","uri":"api\/trazabilidad\/consecutivo"}
[2025-12-16 02:29:01] INFO HTTP Request {"method":"GET","uri":"api\/trazabilidad\/0023"}
[2025-12-16 02:29:12] INFO HTTP Request {"method":"GET","uri":"api\/trazabilidad\/consecutivo"}
[2025-12-16 02:29:15] INFO HTTP Request {"method":"GET","uri":"api\/trazabilidad\/consecutivo"}
[2025-12-16 02:29:58] INFO HTTP Request {"method":"GET","uri":"trazabilidad_list"}
[2025-12-16 02:29:58] INFO HTTP Request {"method":"GET","uri":"api\/usuarios"}
[2025-12-16 02:29:58] INFO HTTP Request {"method":"GET","uri":"api\/trazabilidad"}
[2025-12-16 02:30:11] INFO HTTP Request {"method":"GET","uri":"home"}
[2025-12-16 02:30:11] INFO HTTP Request {"method":"GET","uri":"api\/usuarios"}
[2025-12-16 02:36:46] INFO HTTP Request {"method":"GET","uri":"api\/logout"}
[2025-12-16 02:36:47] INFO HTTP Request {"method":"GET","uri":""}
